[20:32:28] [main/INFO]: [STDOUT]: 注册假群系数 = 66
[20:32:28] [main/INFO]: [STDOUT]: regionDir = E:\Mile\PCL2\.minecraft\saves\新的世界\dimensions\minecraft\overworld\region exists=true
[20:32:28] [main/INFO]: [STDOUT]: [minimap] 半成品区块跳过 -26,-17 -> minecraft:structure_starts
[20:32:28] [main/INFO]: [STDOUT]: [minimap] 半成品区块跳过 -25,-17 -> minecraft:structure_starts
[20:32:28] [main/INFO]: [STDOUT]: [minimap] 半成品区块跳过 -24,-17 -> minecraft:structure_starts
[20:32:28] [main/INFO]: [STDOUT]: [minimap] 半成品区块跳过 -23,-17 -> minecraft:structure_starts
[20:32:28] [main/INFO]: [STDOUT]: [minimap] 半成品区块跳过 -22,-17 -> minecraft:structure_starts
[20:32:28] [main/INFO]: [STDOUT]: [minimap] 半成品区块跳过 -21,-17 -> minecraft:structure_starts
[20:32:28] [main/INFO]: [STDOUT]: [minimap] 半成品区块跳过 -20,-17 -> minecraft:structure_starts
[20:32:28] [main/INFO]: [STDOUT]: [minimap] 半成品区块跳过 -19,-17 -> minecraft:structure_starts
[20:32:28] [main/INFO]: [STDOUT]: [minimap] 半成品区块跳过 -18,-17 -> minecraft:structure_starts
[20:32:28] [main/INFO]: [STDOUT]: [minimap] 半成品区块跳过 -17,-17 -> minecraft:structure_starts
[20:32:28] [main/INFO]: [STDOUT]: [minimap] 半成品区块跳过 -16,-17 -> minecraft:structure_starts
[20:32:28] [main/INFO]: [STDOUT]: [minimap] 半成品区块跳过 -15,-17 -> minecraft:structure_starts
[20:32:28] [main/INFO]: [STDOUT]: [minimap] 半成品区块跳过 -14,-17 -> minecraft:structure_starts
[20:32:28] [main/INFO]: [STDOUT]: [minimap] 半成品区块跳过 -13,-17 -> minecraft:structure_starts
[20:32:28] [main/INFO]: [STDOUT]: [minimap] 半成品区块跳过 -12,-17 -> minecraft:structure_starts
[20:32:28] [main/INFO]: [STDOUT]: [minimap] 半成品区块跳过 -11,-17 -> minecraft:structure_starts
[20:32:28] [main/INFO]: [STDOUT]: [minimap] 半成品区块跳过 -10,-17 -> minecraft:structure_starts
[20:32:28] [main/INFO]: [STDOUT]: [minimap] 半成品区块跳过 -9,-17 -> minecraft:structure_starts
[20:32:28] [main/INFO]: [STDOUT]: [minimap] 半成品区块跳过 -8,-17 -> minecraft:structure_starts
[20:32:28] [main/INFO]: [STDOUT]: [minimap] 半成品区块跳过 -7,-17 -> minecraft:structure_starts
[20:32:28] [main/INFO]: [STDOUT]: [minimap] 半成品区块跳过 -6,-17 -> minecraft:structure_starts
[20:32:28] [main/INFO]: [STDOUT]: [minimap] 半成品区块跳过 -5,-17 -> minecraft:structure_starts
[20:32:28] [main/INFO]: [STDOUT]: [minimap] 半成品区块跳过 -4,-17 -> minecraft:structure_starts
[20:32:28] [main/INFO]: [STDOUT]: [minimap] 半成品区块跳过 -3,-17 -> minecraft:structure_starts
[20:32:28] [main/INFO]: [STDOUT]: [minimap] 半成品区块跳过 -2,-17 -> minecraft:structure_starts
[20:32:28] [main/INFO]: [STDOUT]: [minimap] 半成品区块跳过 -1,-17 -> minecraft:structure_starts
[20:32:28] [main/INFO]: [STDOUT]: [minimap] 半成品区块跳过 -29,-16 -> minecraft:structure_starts
[20:32:28] [main/INFO]: [STDOUT]: [minimap] 半成品区块跳过 -28,-16 -> minecraft:structure_starts
[20:32:28] [main/INFO]: [STDOUT]: [minimap] 半成品区块跳过 -27,-16 -> minecraft:structure_starts
[20:32:28] [main/INFO]: [STDOUT]: [minimap] 半成品区块跳过 -26,-16 -> minecraft:structure_starts
[20:32:28] [main/INFO]: [STDOUT]: [minimap] 半成品区块跳过 -25,-16 -> minecraft:structure_starts
[20:32:28] [main/INFO]: [STDOUT]: [minimap] 半成品区块跳过 -24,-16 -> minecraft:structure_starts
[20:32:28] [main/INFO]: [STDOUT]: [minimap] 半成品区块跳过 -23,-16 -> minecraft:structure_starts
[20:32:28] [main/INFO]: [STDOUT]: [minimap] 半成品区块跳过 -22,-16 -> minecraft:structure_starts
[20:32:28] [main/INFO]: [STDOUT]: [minimap] 半成品区块跳过 -21,-16 -> minecraft:structure_starts
[20:32:28] [main/INFO]: [STDOUT]: [minimap] 半成品区块跳过 -20,-16 -> minecraft:structure_starts
[20:32:28] [main/INFO]: [STDOUT]: [minimap] 半成品区块跳过 -19,-16 -> minecraft:structure_starts
[20:32:28] [main/INFO]: [STDOUT]: [minimap] 半成品区块跳过 -18,-16 -> minecraft:structure_starts
[20:32:28] [main/INFO]: [STDOUT]: [minimap] 半成品区块跳过 -17,-16 -> minecraft:structure_starts
[20:32:28] [main/INFO]: [STDOUT]: [minimap] 半成品区块跳过 -16,-16 -> minecraft:structure_starts
[20:32:28] [main/INFO]: [STDOUT]: [minimap] 半成品区块跳过 -15,-16 -> minecraft:structure_starts
[20:32:28] [main/INFO]: [STDOUT]: [minimap] 半成品区块跳过 -14,-16 -> minecraft:structure_starts
[20:32:28] [main/INFO]: [STDOUT]: [minimap] 半成品区块跳过 -13,-16 -> minecraft:structure_starts
[20:32:28] [main/INFO]: [STDOUT]: [minimap] 半成品区块跳过 -12,-16 -> minecraft:structure_starts
[20:32:28] [main/INFO]: [STDOUT]: [minimap] 半成品区块跳过 -11,-16 -> minecraft:structure_starts
[20:32:28] [main/INFO]: [STDOUT]: [minimap] 半成品区块跳过 -10,-16 -> minecraft:structure_starts
[20:32:28] [main/INFO]: [STDOUT]: [minimap] 半成品区块跳过 -9,-16 -> minecraft:structure_starts
[20:32:28] [main/INFO]: [STDOUT]: [minimap] 半成品区块跳过 -8,-16 -> minecraft:structure_starts
[20:32:28] [main/INFO]: [STDOUT]: [minimap] 半成品区块跳过 -7,-16 -> minecraft:structure_starts
[20:32:28] [main/INFO]: [STDOUT]: [minimap] 半成品区块跳过 -6,-16 -> minecraft:structure_starts
[20:32:28] [main/INFO]: [STDOUT]: [minimap] 半成品区块跳过 -5,-16 -> minecraft:structure_starts
[20:32:28] [main/INFO]: [STDOUT]: [minimap] 半成品区块跳过 -4,-16 -> minecraft:structure_starts
[20:32:28] [main/INFO]: [STDOUT]: [minimap] 半成品区块跳过 -3,-16 -> minecraft:structure_starts
[20:32:28] [main/INFO]: [STDOUT]: [minimap] 半成品区块跳过 -2,-16 -> minecraft:structure_starts
[20:32:28] [main/INFO]: [STDOUT]: [minimap] 半成品区块跳过 -1,-16 -> minecraft:structure_starts
[20:32:28] [main/INFO]: [STDOUT]: [minimap] 半成品区块跳过 -30,-15 -> minecraft:structure_starts
[20:32:28] [main/INFO]: [STDOUT]: [minimap] 半成品区块跳过 -29,-15 -> minecraft:structure_starts
[20:32:28] [main/INFO]: [STDOUT]: [minimap] 半成品区块跳过 -28,-15 -> minecraft:structure_starts
[20:32:28] [main/INFO]: [STDOUT]: [minimap] 半成品区块跳过 -27,-15 -> minecraft:structure_starts
[20:32:28] [main/INFO]: [STDOUT]: [minimap] 半成品区块跳过 -26,-15 -> minecraft:structure_starts
[20:32:28] [main/INFO]: [STDOUT]: [minimap] 半成品区块跳过 -25,-15 -> minecraft:structure_starts
[20:32:28] [main/INFO]: [STDOUT]: [minimap] 半成品区块跳过 -24,-15 -> minecraft:structure_starts
[20:32:28] [main/INFO]: [STDOUT]: [minimap] 半成品区块跳过 -23,-15 -> minecraft:structure_starts
[20:32:28] [main/INFO]: [STDOUT]: [minimap] 半成品区块跳过 -22,-15 -> minecraft:structure_starts
[20:32:28] [main/INFO]: [STDOUT]: [minimap] 半成品区块跳过 -21,-15 -> minecraft:structure_starts
[20:32:28] [main/INFO]: [STDOUT]: [minimap] 半成品区块跳过 -20,-15 -> minecraft:structure_starts
[20:32:28] [main/INFO]: [STDOUT]: [minimap] 半成品区块跳过 -19,-15 -> minecraft:structure_starts
[20:32:28] [main/INFO]: [STDOUT]: [minimap] 半成品区块跳过 -18,-15 -> minecraft:structure_starts
[20:32:28] [main/INFO]: [STDOUT]: [minimap] 半成品区块跳过 -17,-15 -> minecraft:structure_starts
[20:32:28] [main/INFO]: [STDOUT]: [minimap] 半成品区块跳过 -16,-15 -> minecraft:structure_starts
[20:32:28] [main/INFO]: [STDOUT]: [minimap] 半成品区块跳过 -15,-15 -> minecraft:structure_starts
[20:32:28] [main/INFO]: [STDOUT]: [minimap] 半成品区块跳过 -14,-15 -> minecraft:structure_starts
[20:32:28] [main/INFO]: [STDOUT]: [minimap] 半成品区块跳过 -13,-15 -> minecraft:structure_starts
[20:32:28] [main/INFO]: [STDOUT]: [minimap] 半成品区块跳过 -12,-15 -> minecraft:structure_starts
[20:32:28] [main/INFO]: [STDOUT]: [minimap] 半成品区块跳过 -11,-15 -> minecraft:structure_starts
[20:32:28] [main/INFO]: [STDOUT]: [minimap] 半成品区块跳过 -10,-15 -> minecraft:structure_starts
[20:32:28] [main/INFO]: [STDOUT]: [minimap] 半成品区块跳过 -9,-15 -> minecraft:structure_starts
[20:32:28] [main/INFO]: [STDOUT]: [minimap] 半成品区块跳过 -8,-15 -> minecraft:structure_starts
[20:32:28] [main/INFO]: [STDOUT]: [minimap] 半成品区块跳过 -7,-15 -> minecraft:structure_starts
[20:32:28] [main/INFO]: [STDOUT]: [minimap] 半成品区块跳过 -6,-15 -> minecraft:structure_starts
[20:32:28] [main/INFO]: [STDOUT]: [minimap] 半成品区块跳过 -5,-15 -> minecraft:structure_starts
[20:32:28] [main/INFO]: [STDOUT]: [minimap] 半成品区块跳过 -4,-15 -> minecraft:structure_starts
[20:32:28] [main/INFO]: [STDOUT]: [minimap] 半成品区块跳过 -3,-15 -> minecraft:structure_starts
[20:32:28] [main/INFO]: [STDOUT]: [minimap] 半成品区块跳过 -2,-15 -> minecraft:structure_starts
[20:32:28] [main/INFO]: [STDOUT]: [minimap] 半成品区块跳过 -1,-15 -> minecraft:structure_starts
[20:32:28] [main/INFO]: [STDOUT]: [minimap] 半成品区块跳过 -31,-14 -> minecraft:structure_starts
[20:32:28] [main/INFO]: [STDOUT]: [minimap] 半成品区块跳过 -30,-14 -> minecraft:structure_starts
[20:32:28] [main/INFO]: [STDOUT]: [minimap] 半成品区块跳过 -29,-14 -> minecraft:structure_starts
[20:32:28] [main/INFO]: [STDOUT]: [minimap] 半成品区块跳过 -28,-14 -> minecraft:structure_starts
[20:32:28] [main/INFO]: [STDOUT]: [minimap] 半成品区块跳过 -27,-14 -> minecraft:structure_starts
[20:32:28] [main/INFO]: [STDOUT]: [minimap] 半成品区块跳过 -26,-14 -> minecraft:structure_starts
[20:32:28] [main/INFO]: [STDOUT]: [minimap] 半成品区块跳过 -25,-14 -> minecraft:structure_starts
[20:32:28] [main/INFO]: [STDOUT]: [minimap] 半成品区块跳过 -24,-14 -> minecraft:structure_starts
[20:32:28] [main/INFO]: [STDOUT]: [minimap] 半成品区块跳过 -23,-14 -> minecraft:structure_starts
[20:32:28] [main/INFO]: [STDOUT]: [minimap] 半成品区块跳过 -22,-14 -> minecraft:structure_starts
[20:32:28] [main/INFO]: [STDOUT]: [minimap] 半成品区块跳过 -21,-14 -> minecraft:structure_starts
[20:32:28] [main/INFO]: [STDOUT]: [minimap] 半成品区块跳过 -20,-14 -> minecraft:structure_starts
[20:32:28] [main/INFO]: [STDOUT]: [minimap] 半成品区块跳过 -19,-14 -> minecraft:structure_starts
[20:32:28] [main/INFO]: [STDOUT]: [minimap] 半成品区块跳过 -18,-14 -> minecraft:structure_starts
[20:32:28] [main/INFO]: [STDOUT]: [minimap] 半成品区块跳过 -17,-14 -> minecraft:structure_starts
[20:32:28] [main/INFO]: [STDOUT]: [minimap] 半成品区块跳过 -16,-14 -> minecraft:structure_starts
[20:32:28] [main/INFO]: [STDOUT]: [minimap] 半成品区块跳过 -15,-14 -> minecraft:structure_starts
[20:32:28] [main/INFO]: [STDOUT]: [minimap] 半成品区块跳过 -14,-14 -> minecraft:structure_starts
[20:32:28] [main/INFO]: [STDOUT]: [minimap] 半成品区块跳过 -13,-14 -> minecraft:structure_starts
[20:32:28] [main/INFO]: [STDOUT]: [minimap] 半成品区块跳过 -12,-14 -> minecraft:structure_starts
[20:32:28] [main/INFO]: [STDOUT]: [minimap] 半成品区块跳过 -11,-14 -> minecraft:structure_starts
[20:32:28] [main/INFO]: [STDOUT]: [minimap] 半成品区块跳过 -10,-14 -> minecraft:structure_starts
[20:32:28] [main/INFO]: [STDOUT]: [minimap] 半成品区块跳过 -9,-14 -> minecraft:structure_starts
[20:32:28] [main/INFO]: [STDOUT]: [minimap] 半成品区块跳过 -8,-14 -> minecraft:structure_starts
[20:32:28] [main/INFO]: [STDOUT]: [minimap] 半成品区块跳过 -7,-14 -> minecraft:structure_starts
[20:32:28] [main/INFO]: [STDOUT]: [minimap] 半成品区块跳过 -6,-14 -> minecraft:structure_starts
[20:32:28] [main/INFO]: [STDOUT]: [minimap] 半成品区块跳过 -5,-14 -> minecraft:structure_starts
[20:32:28] [main/INFO]: [STDOUT]: [minimap] 半成品区块跳过 -4,-14 -> minecraft:structure_starts
[20:32:28] [main/INFO]: [STDOUT]: [minimap] 半成品区块跳过 -3,-14 -> minecraft:structure_starts
[20:32:28] [main/INFO]: [STDOUT]: [minimap] 半成品区块跳过 -2,-14 -> minecraft:structure_starts
[20:32:28] [main/INFO]: [STDOUT]: [minimap] 半成品区块跳过 -1,-14 -> minecraft:structure_starts
[20:32:28] [main/INFO]: [STDOUT]: [minimap] 半成品区块跳过 -31,-13 -> minecraft:structure_starts
[20:32:28] [main/INFO]: [STDOUT]: [minimap] 半成品区块跳过 -30,-13 -> minecraft:structure_starts
[20:32:28] [main/INFO]: [STDOUT]: [minimap] 半成品区块跳过 -29,-13 -> minecraft:structure_starts
[20:32:28] [main/INFO]: [STDOUT]: [minimap] 半成品区块跳过 -28,-13 -> minecraft:structure_starts
[20:32:28] [main/INFO]: [STDOUT]: [minimap] 半成品区块跳过 -27,-13 -> minecraft:structure_starts
[20:32:28] [main/INFO]: [STDOUT]: [minimap] 半成品区块跳过 -26,-13 -> minecraft:structure_starts
[20:32:28] [main/INFO]: [STDOUT]: [minimap] 半成品区块跳过 -25,-13 -> minecraft:structure_starts
[20:32:28] [main/INFO]: [STDOUT]: [minimap] 半成品区块跳过 -24,-13 -> minecraft:structure_starts
[20:32:28] [main/INFO]: [STDOUT]: [minimap] 半成品区块跳过 -23,-13 -> minecraft:structure_starts
[20:32:28] [main/INFO]: [STDOUT]: [minimap] 半成品区块跳过 -22,-13 -> minecraft:structure_starts
[20:32:28] [main/INFO]: [STDOUT]: [minimap] 半成品区块跳过 -21,-13 -> minecraft:structure_starts
[20:32:28] [main/INFO]: [STDOUT]: [minimap] 半成品区块跳过 -20,-13 -> minecraft:structure_starts
[20:32:28] [main/INFO]: [STDOUT]: [minimap] 半成品区块跳过 -19,-13 -> minecraft:structure_starts
[20:32:28] [main/INFO]: [STDOUT]: [minimap] 半成品区块跳过 -18,-13 -> minecraft:structure_starts
[20:32:28] [main/INFO]: [STDOUT]: [minimap] 半成品区块跳过 -17,-13 -> minecraft:structure_starts
[20:32:28] [main/INFO]: [STDOUT]: [minimap] 半成品区块跳过 -16,-13 -> minecraft:structure_starts
[20:32:28] [main/INFO]: [STDOUT]: [minimap] 半成品区块跳过 -15,-13 -> minecraft:structure_starts
[20:32:28] [main/INFO]: [STDOUT]: [minimap] 半成品区块跳过 -14,-13 -> minecraft:structure_starts
[20:32:28] [main/INFO]: [STDOUT]: [minimap] 半成品区块跳过 -13,-13 -> minecraft:structure_starts
[20:32:28] [main/INFO]: [STDOUT]: [minimap] 半成品区块跳过 -12,-13 -> minecraft:structure_starts
[20:32:28] [main/INFO]: [STDOUT]: [minimap] 半成品区块跳过 -11,-13 -> minecraft:structure_starts
[20:32:28] [main/INFO]: [STDOUT]: [minimap] 半成品区块跳过 -10,-13 -> minecraft:structure_starts
[20:32:28] [main/INFO]: [STDOUT]: [minimap] 半成品区块跳过 -9,-13 -> minecraft:structure_starts
[20:32:28] [main/INFO]: [STDOUT]: [minimap] 半成品区块跳过 -8,-13 -> minecraft:structure_starts
[20:32:28] [main/INFO]: [STDOUT]: [minimap] 半成品区块跳过 -7,-13 -> minecraft:structure_starts
[20:32:28] [main/INFO]: [STDOUT]: [minimap] 半成品区块跳过 -6,-13 -> minecraft:structure_starts
[20:32:28] [main/INFO]: [STDOUT]: [minimap] 半成品区块跳过 -5,-13 -> minecraft:structure_starts
[20:32:28] [main/INFO]: [STDOUT]: [minimap] 半成品区块跳过 -4,-13 -> minecraft:structure_starts
[20:32:28] [main/INFO]: [STDOUT]: [minimap] 半成品区块跳过 -3,-13 -> minecraft:structure_starts
[20:32:28] [main/INFO]: [STDOUT]: [minimap] 半成品区块跳过 -2,-13 -> minecraft:structure_starts
[20:32:28] [main/INFO]: [STDOUT]: [minimap] 半成品区块跳过 -1,-13 -> minecraft:structure_starts
[20:32:28] [main/INFO]: [STDOUT]: [minimap] 半成品区块跳过 -31,-12 -> minecraft:structure_starts
[20:32:28] [main/INFO]: [STDOUT]: [minimap] 半成品区块跳过 -30,-12 -> minecraft:structure_starts
[20:32:28] [main/INFO]: [STDOUT]: [minimap] 半成品区块跳过 -29,-12 -> minecraft:structure_starts
[20:32:28] [main/INFO]: [STDOUT]: [minimap] 半成品区块跳过 -28,-12 -> minecraft:structure_starts
[20:32:28] [main/INFO]: [STDOUT]: [minimap] 半成品区块跳过 -27,-12 -> minecraft:structure_starts
[20:32:28] [main/INFO]: [STDOUT]: [minimap] 半成品区块跳过 -26,-12 -> minecraft:structure_starts
[20:32:28] [main/INFO]: [STDOUT]: [minimap] 半成品区块跳过 -25,-12 -> minecraft:structure_starts
[20:32:28] [main/INFO]: [STDOUT]: [minimap] 半成品区块跳过 -24,-12 -> minecraft:structure_starts
[20:32:28] [main/INFO]: [STDOUT]: [minimap] 半成品区块跳过 -23,-12 -> minecraft:structure_starts
[20:32:28] [main/INFO]: [STDOUT]: [minimap] 半成品区块跳过 -22,-12 -> minecraft:structure_starts
[20:32:28] [main/INFO]: [STDOUT]: [minimap] 半成品区块跳过 -21,-12 -> minecraft:structure_starts
[20:32:28] [main/INFO]: [STDOUT]: [minimap] 半成品区块跳过 -20,-12 -> minecraft:structure_starts
[20:32:28] [main/INFO]: [STDOUT]: [minimap] 半成品区块跳过 -19,-12 -> minecraft:structure_starts
[20:32:28] [main/INFO]: [STDOUT]: [minimap] 半成品区块跳过 -18,-12 -> minecraft:structure_starts
[20:32:28] [main/INFO]: [STDOUT]: [minimap] 半成品区块跳过 -17,-12 -> minecraft:structure_starts
[20:32:28] [main/INFO]: [STDOUT]: [minimap] 半成品区块跳过 -16,-12 -> minecraft:structure_starts
[20:32:28] [main/INFO]: [STDOUT]: [minimap] 半成品区块跳过 -15,-12 -> minecraft:structure_starts
[20:32:28] [main/INFO]: [STDOUT]: [minimap] 半成品区块跳过 -14,-12 -> minecraft:structure_starts
[20:32:28] [main/INFO]: [STDOUT]: [minimap] 半成品区块跳过 -13,-12 -> minecraft:structure_starts
[20:32:28] [main/INFO]: [STDOUT]: [minimap] 半成品区块跳过 -12,-12 -> minecraft:structure_starts
[20:32:28] [main/INFO]: [STDOUT]: [minimap] 半成品区块跳过 -11,-12 -> minecraft:structure_starts
[20:32:28] [main/INFO]: [STDOUT]: [minimap] 半成品区块跳过 -10,-12 -> minecraft:structure_starts
[20:32:28] [main/INFO]: [STDOUT]: [minimap] 半成品区块跳过 -9,-12 -> minecraft:structure_starts
[20:32:28] [main/INFO]: [STDOUT]: [minimap] 半成品区块跳过 -8,-12 -> minecraft:structure_starts
[20:32:28] [main/INFO]: [STDOUT]: [minimap] 半成品区块跳过 -7,-12 -> minecraft:structure_starts
[20:32:28] [main/INFO]: [STDOUT]: [minimap] 半成品区块跳过 -6,-12 -> minecraft:structure_starts
[20:32:28] [main/INFO]: [STDOUT]: [minimap] 半成品区块跳过 -5,-12 -> minecraft:structure_starts
[20:32:28] [main/INFO]: [STDOUT]: [minimap] 半成品区块跳过 -4,-12 -> minecraft:structure_starts
[20:32:28] [main/INFO]: [STDOUT]: [minimap] 半成品区块跳过 -3,-12 -> minecraft:structure_starts
[20:32:28] [main/INFO]: [STDOUT]: [minimap] 半成品区块跳过 -2,-12 -> minecraft:structure_starts
[20:32:28] [main/INFO]: [STDOUT]: [minimap] 半成品区块跳过 -1,-12 -> minecraft:structure_starts
[20:32:28] [main/INFO]: [STDOUT]: [minimap] 半成品区块跳过 -31,-11 -> minecraft:structure_starts
[20:32:28] [main/INFO]: [STDOUT]: [minimap] 半成品区块跳过 -30,-11 -> minecraft:structure_starts
[20:32:28] [main/INFO]: [STDOUT]: [minimap] 半成品区块跳过 -29,-11 -> minecraft:structure_starts
[20:32:28] [main/INFO]: [STDOUT]: [minimap] 半成品区块跳过 -28,-11 -> minecraft:structure_starts
[20:32:28] [main/INFO]: [STDOUT]: [minimap] 半成品区块跳过 -27,-11 -> minecraft:structure_starts
[20:32:28] [main/INFO]: [STDOUT]: [minimap] 半成品区块跳过 -26,-11 -> minecraft:structure_starts
[20:32:28] [main/INFO]: [STDOUT]: [minimap] 半成品区块跳过 -25,-11 -> minecraft:structure_starts
[20:32:28] [main/INFO]: [STDOUT]: [minimap] 半成品区块跳过 -24,-11 -> minecraft:structure_starts
[20:32:28] [main/INFO]: [STDOUT]: [minimap] 半成品区块跳过 -23,-11 -> minecraft:structure_starts
[20:32:28] [main/INFO]: [STDOUT]: [minimap] 半成品区块跳过 -22,-11 -> minecraft:structure_starts
[20:32:28] [main/INFO]: [STDOUT]: [minimap] 半成品区块跳过 -21,-11 -> minecraft:structure_starts
[20:32:28] [main/INFO]: [STDOUT]: [minimap] 半成品区块跳过 -20,-11 -> minecraft:structure_starts
[20:32:28] [main/INFO]: [STDOUT]: [minimap] 半成品区块跳过 -19,-11 -> minecraft:structure_starts
[20:32:28] [main/INFO]: [STDOUT]: [minimap] 半成品区块跳过 -18,-11 -> minecraft:structure_starts
[20:32:28] [main/INFO]: [STDOUT]: [minimap] 半成品区块跳过 -17,-11 -> minecraft:structure_starts
[20:32:28] [main/INFO]: [STDOUT]: [minimap] 半成品区块跳过 -16,-11 -> minecraft:structure_starts
[20:32:28] [main/INFO]: [STDOUT]: [minimap] 半成品区块跳过 -15,-11 -> minecraft:structure_starts
[20:32:28] [main/INFO]: [STDOUT]: [minimap] 半成品区块跳过 -14,-11 -> minecraft:structure_starts
[20:32:28] [main/INFO]: [STDOUT]: [minimap] 半成品区块跳过 -13,-11 -> minecraft:structure_starts
[20:32:28] [main/INFO]: [STDOUT]: [minimap] 半成品区块跳过 -12,-11 -> minecraft:structure_starts
[20:32:28] [main/INFO]: [STDOUT]: [minimap] 半成品区块跳过 -11,-11 -> minecraft:structure_starts
[20:32:28] [main/INFO]: [STDOUT]: [minimap] 半成品区块跳过 -10,-11 -> minecraft:structure_starts
[20:32:28] [main/INFO]: [STDOUT]: [minimap] 半成品区块跳过 -9,-11 -> minecraft:structure_starts
[20:32:28] [main/INFO]: [STDOUT]: [minimap] 半成品区块跳过 -8,-11 -> minecraft:structure_starts
[20:32:28] [main/INFO]: [STDOUT]: [minimap] 半成品区块跳过 -7,-11 -> minecraft:structure_starts
[20:32:28] [main/INFO]: [STDOUT]: [minimap] 半成品区块跳过 -6,-11 -> minecraft:structure_starts
[20:32:28] [main/INFO]: [STDOUT]: [minimap] 半成品区块跳过 -5,-11 -> minecraft:structure_starts
[20:32:28] [main/INFO]: [STDOUT]: [minimap] 半成品区块跳过 -4,-11 -> minecraft:structure_starts
[20:32:28] [main/INFO]: [STDOUT]: [minimap] 半成品区块跳过 -3,-11 -> minecraft:structure_starts
[20:32:28] [main/INFO]: [STDOUT]: [minimap] 半成品区块跳过 -2,-11 -> minecraft:structure_starts
[20:32:28] [main/INFO]: [STDOUT]: [minimap] 半成品区块跳过 -1,-11 -> minecraft:structure_starts
[20:32:28] [main/INFO]: [STDOUT]: [minimap] 半成品区块跳过 -32,-10 -> minecraft:structure_starts
[20:32:28] [main/INFO]: [STDOUT]: [minimap] 半成品区块跳过 -31,-10 -> minecraft:structure_starts
[20:32:28] [main/INFO]: [STDOUT]: [minimap] 半成品区块跳过 -30,-10 -> minecraft:structure_starts
[20:32:28] [main/INFO]: [STDOUT]: [minimap] 半成品区块跳过 -29,-10 -> minecraft:structure_starts
[20:32:28] [main/INFO]: [STDOUT]: [minimap] 半成品区块跳过 -28,-10 -> minecraft:structure_starts
[20:32:28] [main/INFO]: [STDOUT]: [minimap] 半成品区块跳过 -27,-10 -> minecraft:structure_starts
[20:32:28] [main/INFO]: [STDOUT]: [minimap] 半成品区块跳过 -26,-10 -> minecraft:structure_starts
[20:32:28] [main/INFO]: [STDOUT]: [minimap] 半成品区块跳过 -25,-10 -> minecraft:structure_starts
[20:32:28] [main/INFO]: [STDOUT]: [minimap] 半成品区块跳过 -24,-10 -> minecraft:structure_starts
[20:32:28] [main/INFO]: [STDOUT]: [minimap] 半成品区块跳过 -23,-10 -> minecraft:structure_starts
[20:32:28] [main/INFO]: [STDOUT]: [minimap] 半成品区块跳过 -22,-10 -> minecraft:structure_starts
[20:32:28] [main/INFO]: [STDOUT]: [minimap] 半成品区块跳过 -21,-10 -> minecraft:structure_starts
[20:32:28] [main/INFO]: [STDOUT]: [minimap] 半成品区块跳过 -20,-10 -> minecraft:structure_starts
[20:32:28] [main/INFO]: [STDOUT]: [minimap] 半成品区块跳过 -19,-10 -> minecraft:structure_starts
[20:32:28] [main/INFO]: [STDOUT]: [minimap] 半成品区块跳过 -18,-10 -> minecraft:structure_starts
[20:32:28] [main/INFO]: [STDOUT]: [minimap] 半成品区块跳过 -17,-10 -> minecraft:structure_starts
[20:32:28] [main/INFO]: [STDOUT]: [minimap] 半成品区块跳过 -16,-10 -> minecraft:structure_starts
[20:32:28] [main/INFO]: [STDOUT]: [minimap] 半成品区块跳过 -15,-10 -> minecraft:structure_starts
[20:32:28] [main/INFO]: [STDOUT]: [minimap] 半成品区块跳过 -14,-10 -> minecraft:structure_starts
[20:32:28] [main/INFO]: [STDOUT]: [minimap] 半成品区块跳过 -13,-10 -> minecraft:structure_starts
[20:32:28] [main/INFO]: [STDOUT]: [minimap] 半成品区块跳过 -12,-10 -> minecraft:structure_starts
[20:32:28] [main/INFO]: [STDOUT]: [minimap] 半成品区块跳过 -11,-10 -> minecraft:structure_starts
[20:32:28] [main/INFO]: [STDOUT]: [minimap] 半成品区块跳过 -10,-10 -> minecraft:structure_starts
[20:32:28] [main/INFO]: [STDOUT]: [minimap] 半成品区块跳过 -9,-10 -> minecraft:structure_starts
[20:32:28] [main/INFO]: [STDOUT]: [minimap] 半成品区块跳过 -8,-10 -> minecraft:structure_starts
[20:32:28] [main/INFO]: [STDOUT]: [minimap] 半成品区块跳过 -7,-10 -> minecraft:structure_starts
[20:32:28] [main/INFO]: [STDOUT]: [minimap] 半成品区块跳过 -6,-10 -> minecraft:structure_starts
[20:32:28] [main/INFO]: [STDOUT]: [minimap] 半成品区块跳过 -5,-10 -> minecraft:structure_starts
[20:32:28] [main/INFO]: [STDOUT]: [minimap] 半成品区块跳过 -4,-10 -> minecraft:structure_starts
[20:32:28] [main/INFO]: [STDOUT]: [minimap] 半成品区块跳过 -3,-10 -> minecraft:structure_starts
[20:32:28] [main/INFO]: [STDOUT]: [minimap] 半成品区块跳过 -2,-10 -> minecraft:structure_starts
[20:32:28] [main/INFO]: [STDOUT]: [minimap] 半成品区块跳过 -1,-10 -> minecraft:structure_starts
[20:32:28] [main/INFO]: [STDOUT]: [minimap] 半成品区块跳过 -32,-9 -> minecraft:structure_starts
[20:32:28] [main/INFO]: [STDOUT]: [minimap] 半成品区块跳过 -31,-9 -> minecraft:structure_starts
[20:32:28] [main/INFO]: [STDOUT]: [minimap] 半成品区块跳过 -30,-9 -> minecraft:structure_starts
[20:32:28] [main/INFO]: [STDOUT]: [minimap] 半成品区块跳过 -29,-9 -> minecraft:structure_starts
[20:32:28] [main/INFO]: [STDOUT]: [minimap] 半成品区块跳过 -28,-9 -> minecraft:structure_starts
[20:32:28] [main/INFO]: [STDOUT]: [minimap] 半成品区块跳过 -27,-9 -> minecraft:structure_starts
[20:32:28] [main/INFO]: [STDOUT]: [minimap] 半成品区块跳过 -26,-9 -> minecraft:structure_starts
[20:32:28] [main/INFO]: [STDOUT]: [minimap] 半成品区块跳过 -25,-9 -> minecraft:structure_starts
[20:32:28] [main/INFO]: [STDOUT]: [minimap] 半成品区块跳过 -24,-9 -> minecraft:structure_starts
[20:32:28] [main/INFO]: [STDOUT]: [minimap] 半成品区块跳过 -23,-9 -> minecraft:structure_starts
[20:32:28] [main/INFO]: [STDOUT]: [minimap] 半成品区块跳过 -22,-9 -> minecraft:structure_starts
[20:32:28] [main/INFO]: [STDOUT]: [minimap] 半成品区块跳过 -21,-9 -> minecraft:structure_starts
[20:32:28] [main/INFO]: [STDOUT]: [minimap] 半成品区块跳过 -20,-9 -> minecraft:structure_starts
[20:32:28] [main/INFO]: [STDOUT]: [minimap] 半成品区块跳过 -19,-9 -> minecraft:structure_starts
[20:32:28] [main/INFO]: [STDOUT]: [minimap] 半成品区块跳过 -18,-9 -> minecraft:biomes
[20:32:28] [main/INFO]: [STDOUT]: [minimap] 半成品区块跳过 -17,-9 -> minecraft:biomes
[20:32:28] [main/INFO]: [STDOUT]: [minimap] 半成品区块跳过 -16,-9 -> minecraft:biomes
[20:32:28] [main/INFO]: [STDOUT]: [minimap] 半成品区块跳过 -15,-9 -> minecraft:biomes
[20:32:28] [main/INFO]: [STDOUT]: [minimap] 半成品区块跳过 -14,-9 -> minecraft:biomes
[20:32:28] [main/INFO]: [STDOUT]: [minimap] 半成品区块跳过 -13,-9 -> minecraft:biomes
[20:32:28] [main/INFO]: [STDOUT]: [minimap] 半成品区块跳过 -12,-9 -> minecraft:biomes
[20:32:28] [main/INFO]: [STDOUT]: [minimap] 半成品区块跳过 -11,-9 -> minecraft:biomes
[20:32:28] [main/INFO]: [STDOUT]: [minimap] 半成品区块跳过 -10,-9 -> minecraft:biomes
[20:32:28] [main/INFO]: [STDOUT]: [minimap] 半成品区块跳过 -9,-9 -> minecraft:biomes
[20:32:28] [main/INFO]: [STDOUT]: [minimap] 半成品区块跳过 -8,-9 -> minecraft:biomes
[20:32:28] [main/INFO]: [STDOUT]: [minimap] 半成品区块跳过 -7,-9 -> minecraft:biomes
[20:32:28] [main/INFO]: [STDOUT]: [minimap] 半成品区块跳过 -6,-9 -> minecraft:biomes
[20:32:28] [main/INFO]: [STDOUT]: [minimap] 半成品区块跳过 -5,-9 -> minecraft:biomes
[20:32:28] [main/INFO]: [STDOUT]: [minimap] 半成品区块跳过 -4,-9 -> minecraft:biomes
[20:32:28] [main/INFO]: [STDOUT]: [minimap] 半成品区块跳过 -3,-9 -> minecraft:biomes
[20:32:28] [main/INFO]: [STDOUT]: [minimap] 半成品区块跳过 -2,-9 -> minecraft:biomes
[20:32:28] [main/INFO]: [STDOUT]: [minimap] 半成品区块跳过 -1,-9 -> minecraft:biomes
[20:32:28] [main/INFO]: [STDOUT]: [minimap] 半成品区块跳过 -32,-8 -> minecraft:structure_starts
[20:32:28] [main/INFO]: [STDOUT]: [minimap] 半成品区块跳过 -31,-8 -> minecraft:structure_starts
[20:32:28] [main/INFO]: [STDOUT]: [minimap] 半成品区块跳过 -30,-8 -> minecraft:structure_starts
[20:32:28] [main/INFO]: [STDOUT]: [minimap] 半成品区块跳过 -29,-8 -> minecraft:structure_starts
[20:32:28] [main/INFO]: [STDOUT]: [minimap] 半成品区块跳过 -28,-8 -> minecraft:structure_starts
[20:32:28] [main/INFO]: [STDOUT]: [minimap] 半成品区块跳过 -27,-8 -> minecraft:structure_starts
[20:32:28] [main/INFO]: [STDOUT]: [minimap] 半成品区块跳过 -26,-8 -> minecraft:structure_starts
[20:32:28] [main/INFO]: [STDOUT]: [minimap] 半成品区块跳过 -25,-8 -> minecraft:structure_starts
[20:32:28] [main/INFO]: [STDOUT]: [minimap] 半成品区块跳过 -24,-8 -> minecraft:structure_starts
[20:32:28] [main/INFO]: [STDOUT]: [minimap] 半成品区块跳过 -23,-8 -> minecraft:structure_starts
[20:32:28] [main/INFO]: [STDOUT]: [minimap] 半成品区块跳过 -22,-8 -> minecraft:structure_starts
[20:32:28] [main/INFO]: [STDOUT]: [minimap] 半成品区块跳过 -21,-8 -> minecraft:biomes
[20:32:28] [main/INFO]: [STDOUT]: [minimap] 半成品区块跳过 -20,-8 -> minecraft:biomes
[20:32:28] [main/INFO]: [STDOUT]: [minimap] 半成品区块跳过 -19,-8 -> minecraft:biomes
[20:32:28] [main/INFO]: [STDOUT]: [minimap] 半成品区块跳过 -18,-8 -> minecraft:biomes
[20:32:29] [main/INFO]: [STDOUT]: [minimap] 无高度图 -6,-8 keys=[]
[20:32:29] [main/INFO]: [STDOUT]: [minimap] 无高度图 -4,-8 keys=[]
[20:32:29] [main/INFO]: [STDOUT]: [minimap] 无高度图 -3,-8 keys=[]
[20:32:29] [main/INFO]: [STDOUT]: [minimap] 无高度图 -2,-8 keys=[]
[20:32:29] [main/INFO]: [STDOUT]: [minimap] 无高度图 -1,-8 keys=[]
[20:32:29] [main/INFO]: [STDOUT]: [minimap] 半成品区块跳过 -32,-7 -> minecraft:structure_starts
[20:32:29] [main/INFO]: [STDOUT]: [minimap] 半成品区块跳过 -31,-7 -> minecraft:structure_starts
[20:32:29] [main/INFO]: [STDOUT]: [minimap] 半成品区块跳过 -30,-7 -> minecraft:structure_starts
[20:32:29] [main/INFO]: [STDOUT]: [minimap] 半成品区块跳过 -29,-7 -> minecraft:structure_starts
[20:32:29] [main/INFO]: [STDOUT]: [minimap] 半成品区块跳过 -28,-7 -> minecraft:structure_starts
[20:32:29] [main/INFO]: [STDOUT]: [minimap] 半成品区块跳过 -27,-7 -> minecraft:structure_starts
[20:32:29] [main/INFO]: [STDOUT]: [minimap] 半成品区块跳过 -26,-7 -> minecraft:structure_starts
[20:32:29] [main/INFO]: [STDOUT]: [minimap] 半成品区块跳过 -25,-7 -> minecraft:structure_starts
[20:32:29] [main/INFO]: [STDOUT]: [minimap] 半成品区块跳过 -24,-7 -> minecraft:structure_starts
[20:32:29] [main/INFO]: [STDOUT]: [minimap] 半成品区块跳过 -23,-7 -> minecraft:structure_starts
[20:32:29] [main/INFO]: [STDOUT]: [minimap] 半成品区块跳过 -22,-7 -> minecraft:biomes
[20:32:29] [main/INFO]: [STDOUT]: [minimap] 半成品区块跳过 -21,-7 -> minecraft:biomes
[20:32:29] [main/INFO]: [STDOUT]: [minimap] 半成品区块跳过 -32,-6 -> minecraft:structure_starts
[20:32:29] [main/INFO]: [STDOUT]: [minimap] 半成品区块跳过 -31,-6 -> minecraft:structure_starts
[20:32:29] [main/INFO]: [STDOUT]: [minimap] 半成品区块跳过 -30,-6 -> minecraft:structure_starts
[20:32:29] [main/INFO]: [STDOUT]: [minimap] 半成品区块跳过 -29,-6 -> minecraft:structure_starts
[20:32:29] [main/INFO]: [STDOUT]: [minimap] 半成品区块跳过 -28,-6 -> minecraft:structure_starts
[20:32:29] [main/INFO]: [STDOUT]: [minimap] 半成品区块跳过 -27,-6 -> minecraft:structure_starts
[20:32:29] [main/INFO]: [STDOUT]: [minimap] 半成品区块跳过 -26,-6 -> minecraft:structure_starts
[20:32:29] [main/INFO]: [STDOUT]: [minimap] 半成品区块跳过 -25,-6 -> minecraft:structure_starts
[20:32:29] [main/INFO]: [STDOUT]: [minimap] 半成品区块跳过 -24,-6 -> minecraft:structure_starts
[20:32:29] [main/INFO]: [STDOUT]: [minimap] 半成品区块跳过 -23,-6 -> minecraft:biomes
[20:32:29] [main/INFO]: [STDOUT]: [minimap] 半成品区块跳过 -22,-6 -> minecraft:biomes
[20:32:29] [main/INFO]: [STDOUT]: [minimap] 半成品区块跳过 -32,-5 -> minecraft:structure_starts
[20:32:29] [main/INFO]: [STDOUT]: [minimap] 半成品区块跳过 -31,-5 -> minecraft:structure_starts
[20:32:29] [main/INFO]: [STDOUT]: [minimap] 半成品区块跳过 -30,-5 -> minecraft:structure_starts
[20:32:29] [main/INFO]: [STDOUT]: [minimap] 半成品区块跳过 -29,-5 -> minecraft:structure_starts
[20:32:29] [main/INFO]: [STDOUT]: [minimap] 半成品区块跳过 -28,-5 -> minecraft:structure_starts
[20:32:29] [main/INFO]: [STDOUT]: [minimap] 半成品区块跳过 -27,-5 -> minecraft:structure_starts
[20:32:29] [main/INFO]: [STDOUT]: [minimap] 半成品区块跳过 -26,-5 -> minecraft:structure_starts
[20:32:29] [main/INFO]: [STDOUT]: [minimap] 半成品区块跳过 -25,-5 -> minecraft:structure_starts
[20:32:29] [main/INFO]: [STDOUT]: [minimap] 半成品区块跳过 -24,-5 -> minecraft:structure_starts
[20:32:29] [main/INFO]: [STDOUT]: [minimap] 半成品区块跳过 -23,-5 -> minecraft:biomes
[20:32:29] [main/INFO]: [STDOUT]: [minimap] 半成品区块跳过 -32,-4 -> minecraft:structure_starts
[20:32:29] [main/INFO]: [STDOUT]: [minimap] 半成品区块跳过 -31,-4 -> minecraft:structure_starts
[20:32:29] [main/INFO]: [STDOUT]: [minimap] 半成品区块跳过 -30,-4 -> minecraft:structure_starts
[20:32:29] [main/INFO]: [STDOUT]: [minimap] 半成品区块跳过 -29,-4 -> minecraft:structure_starts
[20:32:29] [main/INFO]: [STDOUT]: [minimap] 半成品区块跳过 -28,-4 -> minecraft:structure_starts
[20:32:29] [main/INFO]: [STDOUT]: [minimap] 半成品区块跳过 -27,-4 -> minecraft:structure_starts
[20:32:29] [main/INFO]: [STDOUT]: [minimap] 半成品区块跳过 -26,-4 -> minecraft:structure_starts
[20:32:29] [main/INFO]: [STDOUT]: [minimap] 半成品区块跳过 -25,-4 -> minecraft:structure_starts
[20:32:29] [main/INFO]: [STDOUT]: [minimap] 半成品区块跳过 -24,-4 -> minecraft:structure_starts
[20:32:29] [main/INFO]: [STDOUT]: [minimap] 半成品区块跳过 -23,-4 -> minecraft:biomes
[20:32:29] [main/INFO]: [STDOUT]: [minimap] 半成品区块跳过 -32,-3 -> minecraft:structure_starts
[20:32:29] [main/INFO]: [STDOUT]: [minimap] 半成品区块跳过 -31,-3 -> minecraft:structure_starts
[20:32:29] [main/INFO]: [STDOUT]: [minimap] 半成品区块跳过 -30,-3 -> minecraft:structure_starts
[20:32:29] [main/INFO]: [STDOUT]: [minimap] 半成品区块跳过 -29,-3 -> minecraft:structure_starts
[20:32:29] [main/INFO]: [STDOUT]: [minimap] 半成品区块跳过 -28,-3 -> minecraft:structure_starts
[20:32:29] [main/INFO]: [STDOUT]: [minimap] 半成品区块跳过 -27,-3 -> minecraft:structure_starts
[20:32:29] [main/INFO]: [STDOUT]: [minimap] 半成品区块跳过 -26,-3 -> minecraft:structure_starts
[20:32:29] [main/INFO]: [STDOUT]: [minimap] 半成品区块跳过 -25,-3 -> minecraft:structure_starts
[20:32:29] [main/INFO]: [STDOUT]: [minimap] 半成品区块跳过 -24,-3 -> minecraft:structure_starts
[20:32:29] [main/INFO]: [STDOUT]: [minimap] 半成品区块跳过 -23,-3 -> minecraft:biomes
[20:32:29] [main/INFO]: [STDOUT]: [minimap] 半成品区块跳过 -32,-2 -> minecraft:structure_starts
[20:32:29] [main/INFO]: [STDOUT]: [minimap] 半成品区块跳过 -31,-2 -> minecraft:structure_starts
[20:32:29] [main/INFO]: [STDOUT]: [minimap] 半成品区块跳过 -30,-2 -> minecraft:structure_starts
[20:32:29] [main/INFO]: [STDOUT]: [minimap] 半成品区块跳过 -29,-2 -> minecraft:structure_starts
[20:32:29] [main/INFO]: [STDOUT]: [minimap] 半成品区块跳过 -28,-2 -> minecraft:structure_starts
[20:32:29] [main/INFO]: [STDOUT]: [minimap] 半成品区块跳过 -27,-2 -> minecraft:structure_starts
[20:32:29] [main/INFO]: [STDOUT]: [minimap] 半成品区块跳过 -26,-2 -> minecraft:structure_starts
[20:32:29] [main/INFO]: [STDOUT]: [minimap] 半成品区块跳过 -25,-2 -> minecraft:structure_starts
[20:32:29] [main/INFO]: [STDOUT]: [minimap] 半成品区块跳过 -24,-2 -> minecraft:biomes
[20:32:29] [main/INFO]: [STDOUT]: [minimap] 半成品区块跳过 -23,-2 -> minecraft:biomes
[20:32:29] [main/INFO]: [STDOUT]: [minimap] 半成品区块跳过 -32,-1 -> minecraft:structure_starts
[20:32:29] [main/INFO]: [STDOUT]: [minimap] 半成品区块跳过 -31,-1 -> minecraft:structure_starts
[20:32:29] [main/INFO]: [STDOUT]: [minimap] 半成品区块跳过 -30,-1 -> minecraft:structure_starts
[20:32:29] [main/INFO]: [STDOUT]: [minimap] 半成品区块跳过 -29,-1 -> minecraft:structure_starts
[20:32:29] [main/INFO]: [STDOUT]: [minimap] 半成品区块跳过 -28,-1 -> minecraft:structure_starts
[20:32:29] [main/INFO]: [STDOUT]: [minimap] 半成品区块跳过 -27,-1 -> minecraft:structure_starts
[20:32:29] [main/INFO]: [STDOUT]: [minimap] 半成品区块跳过 -26,-1 -> minecraft:structure_starts
[20:32:29] [main/INFO]: [STDOUT]: [minimap] 半成品区块跳过 -25,-1 -> minecraft:structure_starts
[20:32:29] [main/INFO]: [STDOUT]: [minimap] 半成品区块跳过 -24,-1 -> minecraft:biomes
[20:32:29] [main/INFO]: [STDOUT]: [minimap] 无高度图 -23,-1 keys=[]
[20:32:29] [main/INFO]: [STDOUT]: [minimap] 半成品区块跳过 -32,0 -> minecraft:structure_starts
[20:32:29] [main/INFO]: [STDOUT]: [minimap] 半成品区块跳过 -31,0 -> minecraft:structure_starts
[20:32:29] [main/INFO]: [STDOUT]: [minimap] 半成品区块跳过 -30,0 -> minecraft:structure_starts
[20:32:29] [main/INFO]: [STDOUT]: [minimap] 半成品区块跳过 -29,0 -> minecraft:structure_starts
[20:32:29] [main/INFO]: [STDOUT]: [minimap] 半成品区块跳过 -28,0 -> minecraft:structure_starts
[20:32:29] [main/INFO]: [STDOUT]: [minimap] 半成品区块跳过 -27,0 -> minecraft:structure_starts
[20:32:29] [main/INFO]: [STDOUT]: [minimap] 半成品区块跳过 -26,0 -> minecraft:structure_starts
[20:32:29] [main/INFO]: [STDOUT]: [minimap] 半成品区块跳过 -25,0 -> minecraft:structure_starts
[20:32:29] [main/INFO]: [STDOUT]: [minimap] 半成品区块跳过 -24,0 -> minecraft:biomes
[20:32:29] [main/INFO]: [STDOUT]: [minimap] 半成品区块跳过 -32,1 -> minecraft:structure_starts
[20:32:29] [main/INFO]: [STDOUT]: [minimap] 半成品区块跳过 -31,1 -> minecraft:structure_starts
[20:32:29] [main/INFO]: [STDOUT]: [minimap] 半成品区块跳过 -30,1 -> minecraft:structure_starts
[20:32:29] [main/INFO]: [STDOUT]: [minimap] 半成品区块跳过 -29,1 -> minecraft:structure_starts
[20:32:29] [main/INFO]: [STDOUT]: [minimap] 半成品区块跳过 -28,1 -> minecraft:structure_starts
[20:32:29] [main/INFO]: [STDOUT]: [minimap] 半成品区块跳过 -27,1 -> minecraft:structure_starts
[20:32:29] [main/INFO]: [STDOUT]: [minimap] 半成品区块跳过 -26,1 -> minecraft:structure_starts
[20:32:29] [main/INFO]: [STDOUT]: [minimap] 半成品区块跳过 -25,1 -> minecraft:structure_starts
[20:32:29] [main/INFO]: [STDOUT]: [minimap] 半成品区块跳过 -24,1 -> minecraft:biomes
[20:32:29] [main/INFO]: [STDOUT]: [minimap] 半成品区块跳过 -32,2 -> minecraft:structure_starts
[20:32:29] [main/INFO]: [STDOUT]: [minimap] 半成品区块跳过 -31,2 -> minecraft:structure_starts
[20:32:29] [main/INFO]: [STDOUT]: [minimap] 半成品区块跳过 -30,2 -> minecraft:structure_starts
[20:32:29] [main/INFO]: [STDOUT]: [minimap] 半成品区块跳过 -29,2 -> minecraft:structure_starts
[20:32:29] [main/INFO]: [STDOUT]: [minimap] 半成品区块跳过 -28,2 -> minecraft:structure_starts
[20:32:29] [main/INFO]: [STDOUT]: [minimap] 半成品区块跳过 -27,2 -> minecraft:structure_starts
[20:32:29] [main/INFO]: [STDOUT]: [minimap] 半成品区块跳过 -26,2 -> minecraft:structure_starts
[20:32:29] [main/INFO]: [STDOUT]: [minimap] 半成品区块跳过 -25,2 -> minecraft:structure_starts
[20:32:29] [main/INFO]: [STDOUT]: [minimap] 半成品区块跳过 -24,2 -> minecraft:biomes
[20:32:29] [main/INFO]: [STDOUT]: [minimap] 半成品区块跳过 -32,3 -> minecraft:structure_starts
[20:32:29] [main/INFO]: [STDOUT]: [minimap] 半成品区块跳过 -31,3 -> minecraft:structure_starts
[20:32:29] [main/INFO]: [STDOUT]: [minimap] 半成品区块跳过 -30,3 -> minecraft:structure_starts
[20:32:29] [main/INFO]: [STDOUT]: [minimap] 半成品区块跳过 -29,3 -> minecraft:structure_starts
[20:32:29] [main/INFO]: [STDOUT]: [minimap] 半成品区块跳过 -28,3 -> minecraft:structure_starts
[20:32:29] [main/INFO]: [STDOUT]: [minimap] 半成品区块跳过 -27,3 -> minecraft:structure_starts
[20:32:29] [main/INFO]: [STDOUT]: [minimap] 半成品区块跳过 -26,3 -> minecraft:structure_starts
[20:32:29] [main/INFO]: [STDOUT]: [minimap] 半成品区块跳过 -25,3 -> minecraft:structure_starts
[20:32:29] [main/INFO]: [STDOUT]: [minimap] 半成品区块跳过 -24,3 -> minecraft:biomes
[20:32:29] [main/INFO]: [STDOUT]: [minimap] 半成品区块跳过 -32,4 -> minecraft:structure_starts
[20:32:29] [main/INFO]: [STDOUT]: [minimap] 半成品区块跳过 -31,4 -> minecraft:structure_starts
[20:32:29] [main/INFO]: [STDOUT]: [minimap] 半成品区块跳过 -30,4 -> minecraft:structure_starts
[20:32:29] [main/INFO]: [STDOUT]: [minimap] 半成品区块跳过 -29,4 -> minecraft:structure_starts
[20:32:29] [main/INFO]: [STDOUT]: [minimap] 半成品区块跳过 -28,4 -> minecraft:structure_starts
[20:32:29] [main/INFO]: [STDOUT]: [minimap] 半成品区块跳过 -27,4 -> minecraft:structure_starts
[20:32:29] [main/INFO]: [STDOUT]: [minimap] 半成品区块跳过 -26,4 -> minecraft:structure_starts
[20:32:29] [main/INFO]: [STDOUT]: [minimap] 半成品区块跳过 -25,4 -> minecraft:structure_starts
[20:32:29] [main/INFO]: [STDOUT]: [minimap] 半成品区块跳过 -24,4 -> minecraft:biomes
[20:32:29] [main/INFO]: [STDOUT]: [minimap] 半成品区块跳过 -32,5 -> minecraft:structure_starts
[20:32:29] [main/INFO]: [STDOUT]: [minimap] 半成品区块跳过 -31,5 -> minecraft:structure_starts
[20:32:29] [main/INFO]: [STDOUT]: [minimap] 半成品区块跳过 -30,5 -> minecraft:structure_starts
[20:32:29] [main/INFO]: [STDOUT]: [minimap] 半成品区块跳过 -29,5 -> minecraft:structure_starts
[20:32:29] [main/INFO]: [STDOUT]: [minimap] 半成品区块跳过 -28,5 -> minecraft:structure_starts
[20:32:29] [main/INFO]: [STDOUT]: [minimap] 半成品区块跳过 -27,5 -> minecraft:structure_starts
[20:32:29] [main/INFO]: [STDOUT]: [minimap] 半成品区块跳过 -26,5 -> minecraft:structure_starts
[20:32:29] [main/INFO]: [STDOUT]: [minimap] 半成品区块跳过 -25,5 -> minecraft:structure_starts
[20:32:29] [main/INFO]: [STDOUT]: [minimap] 半成品区块跳过 -24,5 -> minecraft:biomes
[20:32:30] [main/INFO]: [STDOUT]: [minimap] 半成品区块跳过 -32,6 -> minecraft:structure_starts
[20:32:30] [main/INFO]: [STDOUT]: [minimap] 半成品区块跳过 -31,6 -> minecraft:structure_starts
[20:32:30] [main/INFO]: [STDOUT]: [minimap] 半成品区块跳过 -30,6 -> minecraft:structure_starts
[20:32:30] [main/INFO]: [STDOUT]: [minimap] 半成品区块跳过 -29,6 -> minecraft:structure_starts
[20:32:30] [main/INFO]: [STDOUT]: [minimap] 半成品区块跳过 -28,6 -> minecraft:structure_starts
[20:32:30] [main/INFO]: [STDOUT]: [minimap] 半成品区块跳过 -27,6 -> minecraft:structure_starts
[20:32:30] [main/INFO]: [STDOUT]: [minimap] 半成品区块跳过 -26,6 -> minecraft:structure_starts
[20:32:30] [main/INFO]: [STDOUT]: [minimap] 半成品区块跳过 -25,6 -> minecraft:structure_starts
[20:32:30] [main/INFO]: [STDOUT]: [minimap] 半成品区块跳过 -24,6 -> minecraft:biomes
[20:32:30] [main/INFO]: [STDOUT]: [minimap] 半成品区块跳过 -32,7 -> minecraft:structure_starts
[20:32:30] [main/INFO]: [STDOUT]: [minimap] 半成品区块跳过 -31,7 -> minecraft:structure_starts
[20:32:30] [main/INFO]: [STDOUT]: [minimap] 半成品区块跳过 -30,7 -> minecraft:structure_starts
[20:32:30] [main/INFO]: [STDOUT]: [minimap] 半成品区块跳过 -29,7 -> minecraft:structure_starts
[20:32:30] [main/INFO]: [STDOUT]: [minimap] 半成品区块跳过 -28,7 -> minecraft:structure_starts
[20:32:30] [main/INFO]: [STDOUT]: [minimap] 半成品区块跳过 -27,7 -> minecraft:structure_starts
[20:32:30] [main/INFO]: [STDOUT]: [minimap] 半成品区块跳过 -26,7 -> minecraft:structure_starts
[20:32:30] [main/INFO]: [STDOUT]: [minimap] 半成品区块跳过 -25,7 -> minecraft:structure_starts
[20:32:30] [main/INFO]: [STDOUT]: [minimap] 半成品区块跳过 -24,7 -> minecraft:biomes
[20:32:30] [main/INFO]: [STDOUT]: [minimap] 无高度图 -23,7 keys=[]
[20:32:30] [main/INFO]: [STDOUT]: [minimap] 半成品区块跳过 -32,8 -> minecraft:structure_starts
[20:32:30] [main/INFO]: [STDOUT]: [minimap] 半成品区块跳过 -31,8 -> minecraft:structure_starts
[20:32:30] [main/INFO]: [STDOUT]: [minimap] 半成品区块跳过 -30,8 -> minecraft:structure_starts
[20:32:30] [main/INFO]: [STDOUT]: [minimap] 半成品区块跳过 -29,8 -> minecraft:structure_starts
[20:32:30] [main/INFO]: [STDOUT]: [minimap] 半成品区块跳过 -28,8 -> minecraft:structure_starts
[20:32:30] [main/INFO]: [STDOUT]: [minimap] 半成品区块跳过 -27,8 -> minecraft:structure_starts
[20:32:30] [main/INFO]: [STDOUT]: [minimap] 半成品区块跳过 -26,8 -> minecraft:structure_starts
[20:32:30] [main/INFO]: [STDOUT]: [minimap] 半成品区块跳过 -25,8 -> minecraft:structure_starts
[20:32:30] [main/INFO]: [STDOUT]: [minimap] 半成品区块跳过 -24,8 -> minecraft:biomes
[20:32:30] [main/INFO]: [STDOUT]: [minimap] 半成品区块跳过 -23,8 -> minecraft:biomes
[20:32:30] [main/INFO]: [STDOUT]: [minimap] 半成品区块跳过 -32,9 -> minecraft:structure_starts
[20:32:30] [main/INFO]: [STDOUT]: [minimap] 半成品区块跳过 -31,9 -> minecraft:structure_starts
[20:32:30] [main/INFO]: [STDOUT]: [minimap] 半成品区块跳过 -30,9 -> minecraft:structure_starts
[20:32:30] [main/INFO]: [STDOUT]: [minimap] 半成品区块跳过 -29,9 -> minecraft:structure_starts
[20:32:30] [main/INFO]: [STDOUT]: [minimap] 半成品区块跳过 -28,9 -> minecraft:structure_starts
[20:32:30] [main/INFO]: [STDOUT]: [minimap] 半成品区块跳过 -27,9 -> minecraft:structure_starts
[20:32:30] [main/INFO]: [STDOUT]: [minimap] 半成品区块跳过 -26,9 -> minecraft:structure_starts
[20:32:30] [main/INFO]: [STDOUT]: [minimap] 半成品区块跳过 -25,9 -> minecraft:structure_starts
[20:32:30] [main/INFO]: [STDOUT]: [minimap] 半成品区块跳过 -24,9 -> minecraft:structure_starts
[20:32:30] [main/INFO]: [STDOUT]: [minimap] 半成品区块跳过 -23,9 -> minecraft:biomes
[20:32:30] [main/INFO]: [STDOUT]: [minimap] 半成品区块跳过 -32,10 -> minecraft:structure_starts
[20:32:30] [main/INFO]: [STDOUT]: [minimap] 半成品区块跳过 -31,10 -> minecraft:structure_starts
[20:32:30] [main/INFO]: [STDOUT]: [minimap] 半成品区块跳过 -30,10 -> minecraft:structure_starts
[20:32:30] [main/INFO]: [STDOUT]: [minimap] 半成品区块跳过 -29,10 -> minecraft:structure_starts
[20:32:30] [main/INFO]: [STDOUT]: [minimap] 半成品区块跳过 -28,10 -> minecraft:structure_starts
[20:32:30] [main/INFO]: [STDOUT]: [minimap] 半成品区块跳过 -27,10 -> minecraft:structure_starts
[20:32:30] [main/INFO]: [STDOUT]: [minimap] 半成品区块跳过 -26,10 -> minecraft:structure_starts
[20:32:30] [main/INFO]: [STDOUT]: [minimap] 半成品区块跳过 -25,10 -> minecraft:structure_starts
[20:32:30] [main/INFO]: [STDOUT]: [minimap] 半成品区块跳过 -24,10 -> minecraft:structure_starts
[20:32:30] [main/INFO]: [STDOUT]: [minimap] 半成品区块跳过 -23,10 -> minecraft:biomes
[20:32:30] [main/INFO]: [STDOUT]: [minimap] 半成品区块跳过 -32,11 -> minecraft:structure_starts
[20:32:30] [main/INFO]: [STDOUT]: [minimap] 半成品区块跳过 -31,11 -> minecraft:structure_starts
[20:32:30] [main/INFO]: [STDOUT]: [minimap] 半成品区块跳过 -30,11 -> minecraft:structure_starts
[20:32:30] [main/INFO]: [STDOUT]: [minimap] 半成品区块跳过 -29,11 -> minecraft:structure_starts
[20:32:30] [main/INFO]: [STDOUT]: [minimap] 半成品区块跳过 -28,11 -> minecraft:structure_starts
[20:32:30] [main/INFO]: [STDOUT]: [minimap] 半成品区块跳过 -27,11 -> minecraft:structure_starts
[20:32:30] [main/INFO]: [STDOUT]: [minimap] 半成品区块跳过 -26,11 -> minecraft:structure_starts
[20:32:30] [main/INFO]: [STDOUT]: [minimap] 半成品区块跳过 -25,11 -> minecraft:structure_starts
[20:32:30] [main/INFO]: [STDOUT]: [minimap] 半成品区块跳过 -24,11 -> minecraft:structure_starts
[20:32:30] [main/INFO]: [STDOUT]: [minimap] 半成品区块跳过 -23,11 -> minecraft:biomes
[20:32:30] [main/INFO]: [STDOUT]: [minimap] 半成品区块跳过 -32,12 -> minecraft:structure_starts
[20:32:30] [main/INFO]: [STDOUT]: [minimap] 半成品区块跳过 -31,12 -> minecraft:structure_starts
[20:32:30] [main/INFO]: [STDOUT]: [minimap] 半成品区块跳过 -30,12 -> minecraft:structure_starts
[20:32:30] [main/INFO]: [STDOUT]: [minimap] 半成品区块跳过 -29,12 -> minecraft:structure_starts
[20:32:30] [main/INFO]: [STDOUT]: [minimap] 半成品区块跳过 -28,12 -> minecraft:structure_starts
[20:32:30] [main/INFO]: [STDOUT]: [minimap] 半成品区块跳过 -27,12 -> minecraft:structure_starts
[20:32:30] [main/INFO]: [STDOUT]: [minimap] 半成品区块跳过 -26,12 -> minecraft:structure_starts
[20:32:30] [main/INFO]: [STDOUT]: [minimap] 半成品区块跳过 -25,12 -> minecraft:structure_starts
[20:32:30] [main/INFO]: [STDOUT]: [minimap] 半成品区块跳过 -24,12 -> minecraft:structure_starts
[20:32:30] [main/INFO]: [STDOUT]: [minimap] 半成品区块跳过 -23,12 -> minecraft:biomes
[20:32:30] [main/INFO]: [STDOUT]: [minimap] 半成品区块跳过 -32,13 -> minecraft:structure_starts
[20:32:30] [main/INFO]: [STDOUT]: [minimap] 半成品区块跳过 -31,13 -> minecraft:structure_starts
[20:32:30] [main/INFO]: [STDOUT]: [minimap] 半成品区块跳过 -30,13 -> minecraft:structure_starts
[20:32:30] [main/INFO]: [STDOUT]: [minimap] 半成品区块跳过 -29,13 -> minecraft:structure_starts
[20:32:30] [main/INFO]: [STDOUT]: [minimap] 半成品区块跳过 -28,13 -> minecraft:structure_starts
[20:32:30] [main/INFO]: [STDOUT]: [minimap] 半成品区块跳过 -27,13 -> minecraft:structure_starts
[20:32:30] [main/INFO]: [STDOUT]: [minimap] 半成品区块跳过 -26,13 -> minecraft:structure_starts
[20:32:30] [main/INFO]: [STDOUT]: [minimap] 半成品区块跳过 -25,13 -> minecraft:structure_starts
[20:32:30] [main/INFO]: [STDOUT]: [minimap] 半成品区块跳过 -24,13 -> minecraft:biomes
[20:32:30] [main/INFO]: [STDOUT]: [minimap] 半成品区块跳过 -23,13 -> minecraft:biomes
[20:32:30] [main/INFO]: [STDOUT]: [minimap] 半成品区块跳过 -32,14 -> minecraft:structure_starts
[20:32:30] [main/INFO]: [STDOUT]: [minimap] 半成品区块跳过 -31,14 -> minecraft:structure_starts
[20:32:30] [main/INFO]: [STDOUT]: [minimap] 半成品区块跳过 -30,14 -> minecraft:structure_starts
[20:32:30] [main/INFO]: [STDOUT]: [minimap] 半成品区块跳过 -29,14 -> minecraft:structure_starts
[20:32:30] [main/INFO]: [STDOUT]: [minimap] 半成品区块跳过 -28,14 -> minecraft:structure_starts
[20:32:30] [main/INFO]: [STDOUT]: [minimap] 半成品区块跳过 -27,14 -> minecraft:structure_starts
[20:32:30] [main/INFO]: [STDOUT]: [minimap] 半成品区块跳过 -26,14 -> minecraft:structure_starts
[20:32:30] [main/INFO]: [STDOUT]: [minimap] 半成品区块跳过 -25,14 -> minecraft:structure_starts
[20:32:30] [main/INFO]: [STDOUT]: [minimap] 半成品区块跳过 -24,14 -> minecraft:biomes
[20:32:30] [main/INFO]: [STDOUT]: [minimap] 无高度图 -23,14 keys=[]
[20:32:30] [main/INFO]: [STDOUT]: [minimap] 半成品区块跳过 -32,15 -> minecraft:structure_starts
[20:32:30] [main/INFO]: [STDOUT]: [minimap] 半成品区块跳过 -31,15 -> minecraft:structure_starts
[20:32:30] [main/INFO]: [STDOUT]: [minimap] 半成品区块跳过 -30,15 -> minecraft:structure_starts
[20:32:30] [main/INFO]: [STDOUT]: [minimap] 半成品区块跳过 -29,15 -> minecraft:structure_starts
[20:32:30] [main/INFO]: [STDOUT]: [minimap] 半成品区块跳过 -28,15 -> minecraft:structure_starts
[20:32:30] [main/INFO]: [STDOUT]: [minimap] 半成品区块跳过 -27,15 -> minecraft:structure_starts
[20:32:30] [main/INFO]: [STDOUT]: [minimap] 半成品区块跳过 -26,15 -> minecraft:structure_starts
[20:32:30] [main/INFO]: [STDOUT]: [minimap] 半成品区块跳过 -25,15 -> minecraft:structure_starts
[20:32:30] [main/INFO]: [STDOUT]: [minimap] 半成品区块跳过 -24,15 -> minecraft:biomes
[20:32:30] [main/INFO]: [STDOUT]: [minimap] 半成品区块跳过 -32,16 -> minecraft:structure_starts
[20:32:30] [main/INFO]: [STDOUT]: [minimap] 半成品区块跳过 -31,16 -> minecraft:structure_starts
[20:32:30] [main/INFO]: [STDOUT]: [minimap] 半成品区块跳过 -30,16 -> minecraft:structure_starts
[20:32:30] [main/INFO]: [STDOUT]: [minimap] 半成品区块跳过 -29,16 -> minecraft:structure_starts
[20:32:30] [main/INFO]: [STDOUT]: [minimap] 半成品区块跳过 -28,16 -> minecraft:structure_starts
[20:32:30] [main/INFO]: [STDOUT]: [minimap] 半成品区块跳过 -27,16 -> minecraft:structure_starts
[20:32:30] [main/INFO]: [STDOUT]: [minimap] 半成品区块跳过 -26,16 -> minecraft:structure_starts
[20:32:30] [main/INFO]: [STDOUT]: [minimap] 半成品区块跳过 -25,16 -> minecraft:structure_starts
[20:32:30] [main/INFO]: [STDOUT]: [minimap] 半成品区块跳过 -24,16 -> minecraft:biomes
[20:32:30] [main/INFO]: [STDOUT]: [minimap] 半成品区块跳过 -32,17 -> minecraft:structure_starts
[20:32:30] [main/INFO]: [STDOUT]: [minimap] 半成品区块跳过 -31,17 -> minecraft:structure_starts
[20:32:30] [main/INFO]: [STDOUT]: [minimap] 半成品区块跳过 -30,17 -> minecraft:structure_starts
[20:32:30] [main/INFO]: [STDOUT]: [minimap] 半成品区块跳过 -29,17 -> minecraft:structure_starts
[20:32:30] [main/INFO]: [STDOUT]: [minimap] 半成品区块跳过 -28,17 -> minecraft:structure_starts
[20:32:30] [main/INFO]: [STDOUT]: [minimap] 半成品区块跳过 -27,17 -> minecraft:structure_starts
[20:32:30] [main/INFO]: [STDOUT]: [minimap] 半成品区块跳过 -26,17 -> minecraft:structure_starts
[20:32:30] [main/INFO]: [STDOUT]: [minimap] 半成品区块跳过 -25,17 -> minecraft:structure_starts
[20:32:30] [main/INFO]: [STDOUT]: [minimap] 半成品区块跳过 -24,17 -> minecraft:biomes
[20:32:30] [main/INFO]: [STDOUT]: [minimap] 半成品区块跳过 -32,18 -> minecraft:structure_starts
[20:32:30] [main/INFO]: [STDOUT]: [minimap] 半成品区块跳过 -31,18 -> minecraft:structure_starts
[20:32:30] [main/INFO]: [STDOUT]: [minimap] 半成品区块跳过 -30,18 -> minecraft:structure_starts
[20:32:30] [main/INFO]: [STDOUT]: [minimap] 半成品区块跳过 -29,18 -> minecraft:structure_starts
[20:32:30] [main/INFO]: [STDOUT]: [minimap] 半成品区块跳过 -28,18 -> minecraft:structure_starts
[20:32:30] [main/INFO]: [STDOUT]: [minimap] 半成品区块跳过 -27,18 -> minecraft:structure_starts
[20:32:30] [main/INFO]: [STDOUT]: [minimap] 半成品区块跳过 -26,18 -> minecraft:structure_starts
[20:32:30] [main/INFO]: [STDOUT]: [minimap] 半成品区块跳过 -25,18 -> minecraft:structure_starts
[20:32:30] [main/INFO]: [STDOUT]: [minimap] 半成品区块跳过 -24,18 -> minecraft:biomes
[20:32:30] [main/INFO]: [STDOUT]: [minimap] 半成品区块跳过 -32,19 -> minecraft:structure_starts
[20:32:30] [main/INFO]: [STDOUT]: [minimap] 半成品区块跳过 -31,19 -> minecraft:structure_starts
[20:32:30] [main/INFO]: [STDOUT]: [minimap] 半成品区块跳过 -30,19 -> minecraft:structure_starts
[20:32:30] [main/INFO]: [STDOUT]: [minimap] 半成品区块跳过 -29,19 -> minecraft:structure_starts
[20:32:30] [main/INFO]: [STDOUT]: [minimap] 半成品区块跳过 -28,19 -> minecraft:structure_starts
[20:32:30] [main/INFO]: [STDOUT]: [minimap] 半成品区块跳过 -27,19 -> minecraft:structure_starts
[20:32:30] [main/INFO]: [STDOUT]: [minimap] 半成品区块跳过 -26,19 -> minecraft:structure_starts
[20:32:30] [main/INFO]: [STDOUT]: [minimap] 半成品区块跳过 -25,19 -> minecraft:structure_starts
[20:32:30] [main/INFO]: [STDOUT]: [minimap] 半成品区块跳过 -24,19 -> minecraft:biomes
[20:32:30] [main/INFO]: [STDOUT]: [minimap] 半成品区块跳过 -32,20 -> minecraft:structure_starts
[20:32:30] [main/INFO]: [STDOUT]: [minimap] 半成品区块跳过 -31,20 -> minecraft:structure_starts
[20:32:30] [main/INFO]: [STDOUT]: [minimap] 半成品区块跳过 -30,20 -> minecraft:structure_starts
[20:32:30] [main/INFO]: [STDOUT]: [minimap] 半成品区块跳过 -29,20 -> minecraft:structure_starts
[20:32:30] [main/INFO]: [STDOUT]: [minimap] 半成品区块跳过 -28,20 -> minecraft:structure_starts
[20:32:30] [main/INFO]: [STDOUT]: [minimap] 半成品区块跳过 -27,20 -> minecraft:structure_starts
[20:32:30] [main/INFO]: [STDOUT]: [minimap] 半成品区块跳过 -26,20 -> minecraft:structure_starts
[20:32:30] [main/INFO]: [STDOUT]: [minimap] 半成品区块跳过 -25,20 -> minecraft:structure_starts
[20:32:30] [main/INFO]: [STDOUT]: [minimap] 半成品区块跳过 -24,20 -> minecraft:biomes
[20:32:30] [main/INFO]: [STDOUT]: [minimap] 半成品区块跳过 -32,21 -> minecraft:structure_starts
[20:32:30] [main/INFO]: [STDOUT]: [minimap] 半成品区块跳过 -31,21 -> minecraft:structure_starts
[20:32:30] [main/INFO]: [STDOUT]: [minimap] 半成品区块跳过 -30,21 -> minecraft:structure_starts
[20:32:30] [main/INFO]: [STDOUT]: [minimap] 半成品区块跳过 -29,21 -> minecraft:structure_starts
[20:32:30] [main/INFO]: [STDOUT]: [minimap] 半成品区块跳过 -28,21 -> minecraft:structure_starts
[20:32:30] [main/INFO]: [STDOUT]: [minimap] 半成品区块跳过 -27,21 -> minecraft:structure_starts
[20:32:30] [main/INFO]: [STDOUT]: [minimap] 半成品区块跳过 -26,21 -> minecraft:structure_starts
[20:32:30] [main/INFO]: [STDOUT]: [minimap] 半成品区块跳过 -25,21 -> minecraft:structure_starts
[20:32:30] [main/INFO]: [STDOUT]: [minimap] 半成品区块跳过 -24,21 -> minecraft:biomes
[20:32:30] [main/INFO]: [STDOUT]: [minimap] 半成品区块跳过 -32,22 -> minecraft:structure_starts
[20:32:30] [main/INFO]: [STDOUT]: [minimap] 半成品区块跳过 -31,22 -> minecraft:structure_starts
[20:32:30] [main/INFO]: [STDOUT]: [minimap] 半成品区块跳过 -30,22 -> minecraft:structure_starts
[20:32:30] [main/INFO]: [STDOUT]: [minimap] 半成品区块跳过 -29,22 -> minecraft:structure_starts
[20:32:30] [main/INFO]: [STDOUT]: [minimap] 半成品区块跳过 -28,22 -> minecraft:structure_starts
[20:32:30] [main/INFO]: [STDOUT]: [minimap] 半成品区块跳过 -27,22 -> minecraft:structure_starts
[20:32:30] [main/INFO]: [STDOUT]: [minimap] 半成品区块跳过 -26,22 -> minecraft:structure_starts
[20:32:30] [main/INFO]: [STDOUT]: [minimap] 半成品区块跳过 -25,22 -> minecraft:structure_starts
[20:32:30] [main/INFO]: [STDOUT]: [minimap] 半成品区块跳过 -24,22 -> minecraft:biomes
[20:32:30] [main/INFO]: [STDOUT]: [minimap] 半成品区块跳过 -32,23 -> minecraft:structure_starts
[20:32:30] [main/INFO]: [STDOUT]: [minimap] 半成品区块跳过 -31,23 -> minecraft:structure_starts
[20:32:30] [main/INFO]: [STDOUT]: [minimap] 半成品区块跳过 -30,23 -> minecraft:structure_starts
[20:32:30] [main/INFO]: [STDOUT]: [minimap] 半成品区块跳过 -29,23 -> minecraft:structure_starts
[20:32:30] [main/INFO]: [STDOUT]: [minimap] 半成品区块跳过 -28,23 -> minecraft:structure_starts
[20:32:30] [main/INFO]: [STDOUT]: [minimap] 半成品区块跳过 -27,23 -> minecraft:structure_starts
[20:32:30] [main/INFO]: [STDOUT]: [minimap] 半成品区块跳过 -26,23 -> minecraft:structure_starts
[20:32:30] [main/INFO]: [STDOUT]: [minimap] 半成品区块跳过 -25,23 -> minecraft:structure_starts
[20:32:30] [main/INFO]: [STDOUT]: [minimap] 半成品区块跳过 -24,23 -> minecraft:biomes
[20:32:30] [main/INFO]: [STDOUT]: [minimap] 半成品区块跳过 -32,24 -> minecraft:structure_starts
[20:32:30] [main/INFO]: [STDOUT]: [minimap] 半成品区块跳过 -31,24 -> minecraft:structure_starts
[20:32:30] [main/INFO]: [STDOUT]: [minimap] 半成品区块跳过 -30,24 -> minecraft:structure_starts
[20:32:30] [main/INFO]: [STDOUT]: [minimap] 半成品区块跳过 -29,24 -> minecraft:structure_starts
[20:32:30] [main/INFO]: [STDOUT]: [minimap] 半成品区块跳过 -28,24 -> minecraft:structure_starts
[20:32:30] [main/INFO]: [STDOUT]: [minimap] 半成品区块跳过 -27,24 -> minecraft:structure_starts
[20:32:30] [main/INFO]: [STDOUT]: [minimap] 半成品区块跳过 -26,24 -> minecraft:structure_starts
[20:32:30] [main/INFO]: [STDOUT]: [minimap] 半成品区块跳过 -25,24 -> minecraft:structure_starts
[20:32:30] [main/INFO]: [STDOUT]: [minimap] 半成品区块跳过 -24,24 -> minecraft:biomes
[20:32:30] [main/INFO]: [STDOUT]: [minimap] 半成品区块跳过 -23,24 -> minecraft:biomes
[20:32:30] [main/INFO]: [STDOUT]: [minimap] 半成品区块跳过 -32,25 -> minecraft:structure_starts
[20:32:30] [main/INFO]: [STDOUT]: [minimap] 半成品区块跳过 -31,25 -> minecraft:structure_starts
[20:32:30] [main/INFO]: [STDOUT]: [minimap] 半成品区块跳过 -30,25 -> minecraft:structure_starts
[20:32:30] [main/INFO]: [STDOUT]: [minimap] 半成品区块跳过 -29,25 -> minecraft:structure_starts
[20:32:30] [main/INFO]: [STDOUT]: [minimap] 半成品区块跳过 -28,25 -> minecraft:structure_starts
[20:32:30] [main/INFO]: [STDOUT]: [minimap] 半成品区块跳过 -27,25 -> minecraft:structure_starts
[20:32:30] [main/INFO]: [STDOUT]: [minimap] 半成品区块跳过 -26,25 -> minecraft:structure_starts
[20:32:30] [main/INFO]: [STDOUT]: [minimap] 半成品区块跳过 -25,25 -> minecraft:structure_starts
[20:32:30] [main/INFO]: [STDOUT]: [minimap] 半成品区块跳过 -24,25 -> minecraft:structure_starts
[20:32:30] [main/INFO]: [STDOUT]: [minimap] 半成品区块跳过 -23,25 -> minecraft:biomes
[20:32:30] [main/INFO]: [STDOUT]: [minimap] 半成品区块跳过 -32,26 -> minecraft:structure_starts
[20:32:30] [main/INFO]: [STDOUT]: [minimap] 半成品区块跳过 -31,26 -> minecraft:structure_starts
[20:32:30] [main/INFO]: [STDOUT]: [minimap] 半成品区块跳过 -30,26 -> minecraft:structure_starts
[20:32:30] [main/INFO]: [STDOUT]: [minimap] 半成品区块跳过 -29,26 -> minecraft:structure_starts
[20:32:30] [main/INFO]: [STDOUT]: [minimap] 半成品区块跳过 -28,26 -> minecraft:structure_starts
[20:32:30] [main/INFO]: [STDOUT]: [minimap] 半成品区块跳过 -27,26 -> minecraft:structure_starts
[20:32:30] [main/INFO]: [STDOUT]: [minimap] 半成品区块跳过 -26,26 -> minecraft:structure_starts
[20:32:30] [main/INFO]: [STDOUT]: [minimap] 半成品区块跳过 -25,26 -> minecraft:structure_starts
[20:32:30] [main/INFO]: [STDOUT]: [minimap] 半成品区块跳过 -24,26 -> minecraft:structure_starts
[20:32:30] [main/INFO]: [STDOUT]: [minimap] 半成品区块跳过 -23,26 -> minecraft:biomes
[20:32:30] [main/INFO]: [STDOUT]: [minimap] 半成品区块跳过 -32,27 -> minecraft:structure_starts
[20:32:30] [main/INFO]: [STDOUT]: [minimap] 半成品区块跳过 -31,27 -> minecraft:structure_starts
[20:32:30] [main/INFO]: [STDOUT]: [minimap] 半成品区块跳过 -30,27 -> minecraft:structure_starts
[20:32:30] [main/INFO]: [STDOUT]: [minimap] 半成品区块跳过 -29,27 -> minecraft:structure_starts
[20:32:30] [main/INFO]: [STDOUT]: [minimap] 半成品区块跳过 -28,27 -> minecraft:structure_starts
[20:32:30] [main/INFO]: [STDOUT]: [minimap] 半成品区块跳过 -27,27 -> minecraft:structure_starts
[20:32:30] [main/INFO]: [STDOUT]: [minimap] 半成品区块跳过 -26,27 -> minecraft:structure_starts
[20:32:30] [main/INFO]: [STDOUT]: [minimap] 半成品区块跳过 -25,27 -> minecraft:structure_starts
[20:32:30] [main/INFO]: [STDOUT]: [minimap] 半成品区块跳过 -24,27 -> minecraft:structure_starts
[20:32:31] [main/INFO]: [STDOUT]: [minimap] 半成品区块跳过 -23,27 -> minecraft:biomes
[20:32:31] [main/INFO]: [STDOUT]: [minimap] 半成品区块跳过 -32,28 -> minecraft:structure_starts
[20:32:31] [main/INFO]: [STDOUT]: [minimap] 半成品区块跳过 -31,28 -> minecraft:structure_starts
[20:32:31] [main/INFO]: [STDOUT]: [minimap] 半成品区块跳过 -30,28 -> minecraft:structure_starts
[20:32:31] [main/INFO]: [STDOUT]: [minimap] 半成品区块跳过 -29,28 -> minecraft:structure_starts
[20:32:31] [main/INFO]: [STDOUT]: [minimap] 半成品区块跳过 -28,28 -> minecraft:structure_starts
[20:32:31] [main/INFO]: [STDOUT]: [minimap] 半成品区块跳过 -27,28 -> minecraft:structure_starts
[20:32:31] [main/INFO]: [STDOUT]: [minimap] 半成品区块跳过 -26,28 -> minecraft:structure_starts
[20:32:31] [main/INFO]: [STDOUT]: [minimap] 半成品区块跳过 -25,28 -> minecraft:structure_starts
[20:32:31] [main/INFO]: [STDOUT]: [minimap] 半成品区块跳过 -24,28 -> minecraft:structure_starts
[20:32:31] [main/INFO]: [STDOUT]: [minimap] 半成品区块跳过 -23,28 -> minecraft:biomes
[20:32:31] [main/INFO]: [STDOUT]: [minimap] 无高度图 -22,28 keys=[]
[20:32:31] [main/INFO]: [STDOUT]: [minimap] 半成品区块跳过 -32,29 -> minecraft:structure_starts
[20:32:31] [main/INFO]: [STDOUT]: [minimap] 半成品区块跳过 -31,29 -> minecraft:structure_starts
[20:32:31] [main/INFO]: [STDOUT]: [minimap] 半成品区块跳过 -30,29 -> minecraft:structure_starts
[20:32:31] [main/INFO]: [STDOUT]: [minimap] 半成品区块跳过 -29,29 -> minecraft:structure_starts
[20:32:31] [main/INFO]: [STDOUT]: [minimap] 半成品区块跳过 -28,29 -> minecraft:structure_starts
[20:32:31] [main/INFO]: [STDOUT]: [minimap] 半成品区块跳过 -27,29 -> minecraft:structure_starts
[20:32:31] [main/INFO]: [STDOUT]: [minimap] 半成品区块跳过 -26,29 -> minecraft:structure_starts
[20:32:31] [main/INFO]: [STDOUT]: [minimap] 半成品区块跳过 -25,29 -> minecraft:structure_starts
[20:32:31] [main/INFO]: [STDOUT]: [minimap] 半成品区块跳过 -24,29 -> minecraft:structure_starts
[20:32:31] [main/INFO]: [STDOUT]: [minimap] 半成品区块跳过 -23,29 -> minecraft:biomes
[20:32:31] [main/INFO]: [STDOUT]: [minimap] 半成品区块跳过 -22,29 -> minecraft:biomes
[20:32:31] [main/INFO]: [STDOUT]: [minimap] 半成品区块跳过 -21,29 -> minecraft:biomes
[20:32:31] [main/INFO]: [STDOUT]: [minimap] 半成品区块跳过 -32,30 -> minecraft:structure_starts
[20:32:31] [main/INFO]: [STDOUT]: [minimap] 半成品区块跳过 -31,30 -> minecraft:structure_starts
[20:32:31] [main/INFO]: [STDOUT]: [minimap] 半成品区块跳过 -30,30 -> minecraft:structure_starts
[20:32:31] [main/INFO]: [STDOUT]: [minimap] 半成品区块跳过 -29,30 -> minecraft:structure_starts
[20:32:31] [main/INFO]: [STDOUT]: [minimap] 半成品区块跳过 -28,30 -> minecraft:structure_starts
[20:32:31] [main/INFO]: [STDOUT]: [minimap] 半成品区块跳过 -27,30 -> minecraft:structure_starts
[20:32:31] [main/INFO]: [STDOUT]: [minimap] 半成品区块跳过 -26,30 -> minecraft:structure_starts
[20:32:31] [main/INFO]: [STDOUT]: [minimap] 半成品区块跳过 -25,30 -> minecraft:structure_starts
[20:32:31] [main/INFO]: [STDOUT]: [minimap] 半成品区块跳过 -24,30 -> minecraft:structure_starts
[20:32:31] [main/INFO]: [STDOUT]: [minimap] 半成品区块跳过 -23,30 -> minecraft:structure_starts
[20:32:31] [main/INFO]: [STDOUT]: [minimap] 半成品区块跳过 -22,30 -> minecraft:structure_starts
[20:32:31] [main/INFO]: [STDOUT]: [minimap] 半成品区块跳过 -32,32 -> minecraft:structure_starts
[20:32:31] [main/INFO]: [STDOUT]: [minimap] 半成品区块跳过 0,-17 -> minecraft:structure_starts
[20:32:31] [main/INFO]: [STDOUT]: 结果: 存在区块=1504 解析成功=838 着色列总数=190638
[20:32:31] [main/INFO]: [STDOUT]: 原始状态分布: {minecraft:biomes=67, minecraft:carvers=65, minecraft:full=710, minecraft:initialize_light=64, minecraft:light=8, minecraft:structure_starts=590}
[20:32:31] [main/INFO]: [STDOUT]: PASS
